// Jest Snapshot v1, https://goo.gl/fbAQLP

exports[`should render the site title 1`] = `
<h1
  className="text-sm-orange m-0 text-base"
>
  Sleeper Manager
</h1>
`;
