// Jest Snapshot v1, https://goo.gl/fbAQLP

exports[`should render the description with text 1`] = `
<p
  className="text-xl md:text-[1.4rem] font-['Open_Sans,sans-serif']"
>
  Insert your username to check all players with non ok injury status
</p>
`;
