// Jest Snapshot v1, https://goo.gl/fbAQLP

exports[`should render the input without props 1`] = `
<input
  className="bg-sm-orange rounded-lg w-full h-auto py-3 px-4 
    text-base border-0 text-white font-bold outline-none"
  type="submit"
  value="GO"
/>
`;
