// Jest Snapshot v1, https://goo.gl/fbAQLP

exports[`should render the ball and helmet svg no props 1`] = `
<svg
  aria-labelledby="ball-and-helmet-title"
  height="194.8px"
  id="Camada_1"
  role="img"
  version="1.1"
  viewBox="0 0 325.8 194.8"
  width="325.8px"
  x="0px"
  xmlSpace="preserve"
  xmlns="http://www.w3.org/2000/svg"
  xmlnsXlink="http://www.w3.org/1999/xlink"
  y="0px"
>
  <title
    id="ball-and-helmet-title"
  >
    A helmet and a ball
  </title>
  <style
    type="text/css"
  >
    .st0{opacity:0.6;fill:#4E752C;}
	.st1{fill:#F2F2F2;}
	.st2{fill:#57589F;}
	.st3{fill:#FFFFFF;}
	.st4{fill:#B8313A;}
	.st5{opacity:0.3;fill:#473D77;}
	.st6{opacity:0.5;}
	.st7{fill:#3D3068;}
	.st8{fill:#7A5DA4;}
	.st9{fill:#E7E7E8;}
	.st10{fill:#939598;}
	.st11{fill:#BCBDBF;}
	.st12{fill:#A5A7A7;}
	.st13{fill:#989899;}
	.st14{fill:#F1F2F2;}
	.st15{fill:#EA563E;}
	.st16{fill:none;stroke:#8A2F13;stroke-miterlimit:10;}
	.st17{fill:none;stroke:#8A2F13;stroke-miterlimit:10;stroke-dasharray:4.0003,4.0003;}
	.st18{fill:#ED684A;}
	.st19{fill:#F1F1F1;}
	.st20{fill:none;stroke:#8A2F13;stroke-miterlimit:10;stroke-dasharray:3.9554,3.9554;}
	.st21{opacity:0.4;fill:#E17B54;}
	.st22{fill:#7A260F;}
  </style>
  <g>
    <ellipse
      className="st0"
      cx="162.9"
      cy="184.9"
      rx="162.9"
      ry="9.9"
    />
    <g>
      <path
        className="st1"
        d="M262.2,58.6c0-0.6-0.1-1.2-0.2-1.7c-0.3-1.9-0.8-3.2-0.8-3.2l-19.3,12.8l-4.5,23.7l-1,5.2l-1.6,8.3l-1.2,6.3 l-1.5,7.8l-0.6,3.1l-3.6,19.1l-1.9,10.2l-1.6,8.2l-0.6,3.1l-1.3,6.9l-0.6,3.1l-3.1,16.5c0,0,12.1,0.5,20.9-4.3 c3.3-1.8,6.2-3.9,8.8-6.9c0.8-0.9,1.5-1.8,2.3-2.9c2.5-3.6,5.4-7.5,7.5-13.7c0.4-1.1,0.8-2.3,1.1-3.6c0.3-0.9,0.5-2,0.7-3.6 c0.5-3.4,0.5-5.1,0.5-8c0-1,0-2,0-3c0-0.9-0.1-1.8-0.2-2.8c-0.1-1.1-0.2-2.3-0.4-3.4c-0.9-6.3-2.5-12.7-4.2-18.6 c-0.3-1-0.6-2.1-0.9-3.1c-0.7-2.4-1.5-4.6-2.1-6.7c-0.3-1-0.6-2-0.9-2.9c-1.1-3.5-2-6.3-2.3-8.2c-0.1-0.5-0.1-1.1-0.1-1.7 c0-1.2,0.2-2.6,0.5-4.1c0-0.1,0-0.2,0.1-0.4v0c0.8-3.3,2.2-6.9,3.9-10.4c1.2-2.7,2.5-5.3,3.7-7.6c1.5-2.9,2.7-5.3,3.4-6.9 c0.5-1.2,0.8-2.4,0.9-3.5C262.3,60.7,262.3,59.6,262.2,58.6z"
      />
      <g>
        <g>
          <path
            className="st2"
            d="M259,63.1c-5.7,13.2-13.4,21.3-12,33.5c1.4,12.2,16,45,8.5,62.5c-7.4,17.5-19.3,25.7-44.7,29.5 c-25.3,3.8-67.2-4.8-75.5-8.6c-7.8-3.6-55.8-44.6-47.6-99.9c0.4-2.9,1-5.8,1.8-8.8c5.1-20.4,14.1-35.7,25.3-46.8 C136.6,3,167-2.7,195.5,1.1c32.4,4.2,51,25.1,58.3,35.3c0,0,0,0,0,0c2.5,3.4,3.6,5.7,3.6,5.7S264.7,49.9,259,63.1z"
          />
          <g>
            <polygon
              className="st3"
              points="167.8,34 190.8,66.9 229.2,55.2 205,87.3 228,120.2 190.1,107 165.9,139.1 166.6,98.9 128.7,85.8 167.1,74.1 "
            />
            <polygon
              className="st4"
              points="170.3,43.4 189.2,70.4 220.7,60.9 200.8,87.1 219.7,114.1 188.6,103.4 168.7,129.6 169.3,96.7 138.2,85.9 169.7,76.4 "
            />
          </g>
          <path
            className="st5"
            d="M247.2,90.1c-0.3,1.9-0.4,4-0.2,6.1c0,0.2,0,0.4,0.1,0.7c0.2,1.4,0.5,3.1,1,5.1c2.1,8.8,6.8,22.2,8.8,34.9 c0.5,2.9,0.8,5.8,0.8,8.6c0.2,5.2-0.4,10-2.1,14c-0.1,0.1-0.1,0.3-0.2,0.4c-1.5,3.4-3.1,6.4-5,9.2c-1.8,2.6-3.9,5-6.2,7 c-7.5,6.6-17.9,10.6-33.3,12.9c-25.3,3.8-67.2-4.8-75.5-8.6c-7.8-3.6-55.8-44.6-47.6-99.9L137.7,28l5.3-5.6 c0,0,29.1,19.8,38.2,45.3c9.1,25.5,60.4,16.7,76.2-25.4c0,0,7.3,7.8,1.6,21.1c-3.4,8-7.6,14-10,20.3 C248.2,85.7,247.5,87.8,247.2,90.1z"
          />
          <g
            className="st6"
          >
            <path
              className="st7"
              d="M244.5,127.8c-3.8-4.4-8.8-7.6-8.8-7.6l-4.4-0.4c0,0,7.7-13.3,16.5-18.4c-0.5-1.9-0.8-3.6-1-5.1 c0-0.2,0-0.4-0.1-0.7c-5.2,3.4-14.3,10.7-20.8,23.5c-9.7,18.8-8.4,20.2-8.4,20.2l4.6-1.7l5.4-13.1c0,0,5.2-1.8,10.9,6.1 c5.3,7.2,11.5,13.4,19,14.3c-0.1-2.8-0.4-5.7-0.8-8.6C254.3,135.2,247.6,131.4,244.5,127.8z"
            />
            <path
              className="st7"
              d="M223.5,158.1c9.5,1.3,10.1-9.3,10.1-9.3h-6l-16.5-4L214,134c0,0,1.9-7,9.5-19c7.6-12,23.5-24.6,23.6-25 c0.4-2.2,1-4.3,1.8-6.5c-3.4,2.1-10.3,7.4-20.9,20c-16,18.9-19.1,39.2-19.1,39.2l1.1,1.9l-4.4-1.1c0,0,8.1,19.9-14.1,13.2 c-22.2-6.7-33.1-25.7-30.1-63.9c3-38.2-14.4-65.2-14.4-65.2c-3.2-0.2-6.3-0.1-9.3,0.4L87.7,80.3c-8.2,55.4,39.8,96.3,47.6,99.9 c8.2,3.8,50.1,12.4,75.5,8.6c15.4-2.3,25.8-6.2,33.3-12.9l-22-7.5c12.8,2.9,23.2,1.5,28.2,0.5c1.9-2.7,3.5-5.8,5-9.2 c-4.4,0.8-14.4,2.4-22.9,2.3C221.1,162,214,156.8,223.5,158.1z"
            />
          </g>
        </g>
        <path
          className="st8"
          d="M253.8,36.4c-2.7-0.8-58.5-55.9-132.3-15.2c-2.3,1.3-4.5,2.3-6.6,3.2C136.6,3,167-2.7,195.5,1.1 C228,5.3,246.5,26.1,253.8,36.4z"
        />
      </g>
      <g>
        <g>
          <path
            className="st9"
            d="M205.7,144.8l-5.9,19.2c0,0-0.7-0.3-1.8-0.9c-4.3-2-14.5-7.1-16.1-9.2c-2-2.7,1.2-14.2,2-17.2 c0.6-2.3,7.7-1.4,11.3-0.8c1.2,0.2,2,0.4,2.1,0.4L205.7,144.8z"
          />
          <path
            className="st10"
            d="M205.7,144.8l-5.9,19.2c0,0-0.7-0.3-1.8-0.9l3-12.8c0,0-3.7-0.6-5.4-4.7c-1.7-4.2-0.4-9.8-0.4-9.8 c1.2,0.2,2,0.4,2.1,0.4L205.7,144.8z"
          />
        </g>
        <g>
          <path
            className="st11"
            d="M257.5,142.2l0.2,2.8h0L257.5,142.2z M257.5,142.2l0.2,2.8h0L257.5,142.2z M257.5,142.2l0.2,2.8h0 L257.5,142.2z M257.5,142.2l0.2,2.8h0L257.5,142.2z M257.5,142.2l0.2,2.8h0L257.5,142.2z M257.5,142.2l0.2,2.8h0L257.5,142.2z M257.5,142.2l0.2,2.8h0L257.5,142.2z M264.7,59.5c0.3,0.1,0.5,0.3,0.7,0.3C265.1,59.7,264.9,59.6,264.7,59.5z M257.5,142.2 l0.2,2.8h0L257.5,142.2z M257.5,142.2l0.2,2.8h0L257.5,142.2z M264.7,59.5c0.3,0.1,0.5,0.3,0.7,0.3 C265.1,59.7,264.9,59.6,264.7,59.5z M303.4,161.4c0.6-1.9,1-4,1-4c3.1-13.4,3.9-28.4,3.9-29.4h0c0-0.9,0-1.9-0.3-2.8 c-0.5-1.8-1.4-3.4-2.9-4.8c-1.2-1.2-2.7-2.2-4.5-3.1c0.3-1.9,0-3.4-0.4-4.6c-1.9-6.3-9.9-10.5-20.7-11 c-13.5-0.6-23,1.4-27.5,2.7c0.3,0.9,0.6,1.9,0.9,2.9c4.5-1.2,13.7-3.2,26.4-2.6c0.8,0,1.5,0.1,2.2,0.2c0,0.1,0,0.2,0.1,0.3 c1.2,0,2.3,0.1,3.2,0.2c0.3,0.1,0.7,0.1,1,0.2c0,0,0,0,0,0c6,1.4,10.2,4.2,11.3,7.9c0.2,0.8,0.3,1.6,0.3,2.4 c-0.6,3.8-0.6,3.1-0.6,3.1c-1.1,3-3.6,6.1-7.5,9.3c-0.1,0.1-0.2,0.2-0.3,0.3c0,0-0.1,0.1-0.1,0.1c0,0-0.1,0.1-0.1,0.1 c0,0,0,0-0.1,0.1c-0.4,0.3-0.8,0.7-1.2,0.9c-0.2,0.1-0.3,0.2-0.4,0.3c-0.2,0.1-0.3,0.2-0.5,0.4c-0.1,0-0.1,0.1-0.2,0.1 c-0.1,0.1-0.2,0.2-0.3,0.2c0,0-0.1,0.1-0.1,0.1c-0.1,0.1-0.2,0.1-0.2,0.1s0,0,0,0c-6.8,4.7-13.5,6.2-19.6,5.8h0 c-1.9-0.1-3.1-0.4-3.1-0.4c-1-0.2-2-0.4-2.9-0.7c-6.7-2-12.6-6.3-16.8-11.2c-3.2-3.7-7.3-5.8-11.2-6.8c-1.2-0.3-2.3-0.5-3.4-0.7 c1.6-2.6,3.2-5,4.9-7.1c6.3-8.1,12.5-12.8,15.4-15c0.2-0.1,0.3-0.2,0.5-0.4c12.7-9.6,19.6-17.9,20.6-24.8 c0.5-3.3-0.4-5.7-1.9-7.5v0.4c0.6,6.7-0.4,10-4.8,16c-0.1,0.1-0.2,0.3-0.3,0.4c-0.1,0.2-0.3,0.4-0.4,0.6 c-0.2,0.2-0.4,0.5-0.6,0.7c-0.1,0.2-0.3,0.3-0.4,0.5c-0.8,0.9-1.7,1.7-2.6,2.6c-0.4,0.4-0.8,0.7-1.2,1.1c-1,0.9-2,1.7-3,2.5 c-0.4,0.3-0.9,0.7-1.3,1c-0.5,0.4-1,0.7-1.5,1.1c-0.3,0.2-0.6,0.5-0.9,0.7c-0.4,0.3-0.7,0.5-1,0.7c-1.8,1.2-3,2.1-3.3,2.2 c0,0,0,0,0,0c0,0,0,0,0,0c-2.6,1.9-7.1,5.4-12,10.9c-3.1,3.5-6.5,7.9-9.5,13.2c-2.5-0.1-4.8,0.2-6.5,0.4 c4-7.8,10.6-15.2,17.6-21.9c4.3-4.1,8.8-7.9,12.9-11.5c1.6-1.4,3.2-2.8,4.8-4.1c3.5-3.1,6.6-5.9,8.9-8.5c0,0,0,0,0,0 c1.3-1.4,2.4-2.8,3.2-4.1c0.2-0.4,0.5-0.8,0.7-1.2c1.5-2.4,1.5-3.6,1.5-3.6c0.6-2.1,0.5-4-0.4-5.4c-1.9-3.3-6.6-3.3-6.8-3.2 l-0.3,3.1c0.2,0,0.6,0,1.1,0.1c1.2,0.2,2.7,0.6,3.3,1.6c0.2,0.4,0.3,0.9,0.3,1.5c0,0,0.1,1.5-1,3.5c-0.3,0.6-0.7,1.3-1.1,2.1 c-1.2,2-3.2,4.2-5.7,6.7c-2.9,2.9-6.6,6-10.5,9.4c-3.1,2.7-6.5,5.6-9.9,8.7c-8.4,7.6-16.7,16.3-21.4,25.8 c-2.5,5-4.8,10.2-6.8,15.2c-1.5,3.7-2.8,7.3-4,10.7c-0.2,0.6-0.4,1.1-0.6,1.6v0c-0.3,0.8-0.5,1.5-0.8,2.3 c-3.2,9.5-4.9,16.2-4.9,16.3l-0.3,1.2l0,0l0.9,0.4l0.1,0l0.2,0.1c0.2,0.1,8.8,3.8,22.4,7.4c7.6,2,16.6,4,26.6,5.3 c7.1,0.9,14.6,1.5,22.4,1.5c3.1,0,6.2-0.1,9.3-0.3c1.6,1.1,4,2.1,6.8,2.1c2.8,0,5.9-1,8.9-3.9c3.4-0.6,9.4-3.6,10.9-11.2 c0.5-2.3-0.5-4.9-2.6-7.5c0.2,0.3,1.7,2.9,0.7,6.7c-1.6,5-5.2,6.9-5.5,7.1c0,0,0,0,0,0C301.1,168.4,302.3,165.1,303.4,161.4 C303.3,161.4,303.4,161.4,303.4,161.4z M299.8,120.4c2.7,1.4,4.6,3.2,5.2,5.6c0.4,1.7,0.1,3.5-0.9,5.4c0,0,0,0.1,0,0.1 c0,0,0,0,0,0c-0.1,0.2-0.3,0.4-0.4,0.7c-1.5,2.3-4,4.6-7,6.8c0.1-6.3-0.2-11.1-0.3-12.8C298,124.1,299.1,122.1,299.8,120.4z M227.1,120.2c1.5,0.1,3,0.4,4.6,0.8c3.4,0.9,6.8,2.6,9.5,5.7c4.9,5.6,11.6,10.5,19.5,12.6c0.7,0.2,1.4,0.4,2.2,0.5l3.1,0.4 l1.2,0.1l0.1,0c0.4,0,0.7,0,1.1,0c3.4,0,6.9-0.6,10.4-1.8c2.5-0.9,5-2.1,7.5-3.7l3-2c0.1-0.1,0.3-0.2,0.4-0.3 c1.4-1.1,2.6-2.1,3.7-3.1c0.1,2.7,0.2,6.9,0,11.9c-1.2,0.7-2.4,1.5-3.7,2.2l-3.2,1.7c-0.4,0.2-0.9,0.4-1.3,0.7l-4,1.9 c-3.7,1.7-7.5,3.2-11.1,4.6l-3,1.1c-3,1.1-5.7,2-8.1,2.7c-3.5,1.1-6.3,1.8-7.7,2c-4,0.6-14.5,1.9-26.8,0.5 c-3.4-0.4-6.9-1-10.5-1.9c0.7-2.1,1.5-4.6,2.4-7.5c0.9-2.9,1.9-6.2,2.9-10c0.3-1.2,0.7-2.5,1.1-3.6 C222.4,129.6,224.7,124.6,227.1,120.2z M211.2,134.7L211.2,134.7c0.4-0.9,0.7-1.8,1.1-2.7c1.5-3.7,3.1-7.5,4.9-11.2 c1.1-0.2,3.5-0.7,6.4-0.7c-2.2,4.1-4.2,8.8-5.9,14c-0.5,1.4-0.9,2.7-1.3,4.2c-1.1,3.8-2,7.2-2.9,10c-0.9,3-1.7,5.5-2.5,7.5 c-2.2-0.6-4.3-1.4-6.4-2.2c0.7-2.1,1.4-4.5,2.3-7.1c0.4-1.2,0.9-2.5,1.3-3.9C209.2,140.1,210.2,137.4,211.2,134.7z M208,163.8 c-2.6-0.9-4.5-1.7-5.7-2.1c0.3-1.1,0.8-2.9,1.5-5.2c2.1,0.8,4.2,1.5,6.3,2.2C209.1,161.3,208.4,162.9,208,163.8z M287.1,174.2 c-1.8,0.2-3.5,0.4-5.3,0.5c-1.9,0.2-3.4,0.2-3.4,0.2c-9.5,0.5-18.7,0-27.3-1.1c-10.7-1.3-20.4-3.4-28.3-5.5 c-4.6-1.2-8.5-2.4-11.8-3.5c0.5-1.1,1.2-2.8,2.2-5.3c3.7,0.9,7.4,1.6,11,2c4.3,0.5,8.3,0.7,12,0.7c7.3,0,13.1-0.8,15.9-1.2 c1.3-0.2,3.4-0.7,6-1.5c2.9-0.8,6.5-2,10.4-3.4c0,0,0,0,0,0c0.1,0,0.2-0.1,0.3-0.1c1.2-0.4,2.9-1.1,2.9-1.1 c4.3-1.6,8.9-3.6,13.3-5.7c0.1,0,0.1-0.1,0.2-0.1c0.1-0.1,0.2-0.1,0.3-0.2c1.7-0.8,4.2-2.1,4.2-2.1c1.3-0.7,2.5-1.4,3.7-2.1 c-0.1,1.3-0.2,2.7-0.3,4.1c0,0.1,0,0.4,0,0.7c0,0.5-0.1,1-0.2,1.5c-0.1,0.6-0.1,1-0.1,1C291.6,159.6,290,167.4,287.1,174.2z M301,158.3c-1.5,6.2-3.6,11.8-6.4,14.9c-1.3,0.2-2.6,0.4-4,0.6c2.5-6.3,4-13.2,4.9-19.7c0,0,0-0.1,0-0.1 c0.3-1.8,0.4-3.4,0.4-3.4c0.3-2.7,0.5-5.4,0.6-7.8c3.3-2.2,6-4.4,8.1-6.8c-0.5,5.2-1.4,12.1-2.8,18.8 C301.4,156.5,301,158.3,301,158.3z M265.3,59.8c-0.2-0.1-0.4-0.2-0.7-0.3C264.9,59.6,265.2,59.8,265.3,59.8z"
          />
          <path
            className="st12"
            d="M297.6,116.1c-0.6,3.8-0.6,3.1-0.6,3.1c-2.8-1-6.1-1.7-9.7-2.2c0.6,3.6,1.3,7.7,1.7,11.9 c0,0,0.1-0.1,0.1-0.1c-0.1,0.1-0.1,0.1-0.2,0.1c-0.4,0.3-0.8,0.7-1.2,0.9c-0.2,0.1-0.3,0.2-0.4,0.3c-0.2,0.1-0.3,0.2-0.5,0.4 c-0.1,0-0.1,0.1-0.2,0.1c-0.4,0.2-0.6,0.4-0.6,0.4c-0.5-5.1-1.3-10.2-2-14.5c-6-0.5-12.5-0.5-18.3-0.2 c1.5,7.5,1.2,15.2,0.6,20.5c-1.9-0.1-3.1-0.4-3.1-0.4c0.5-5.2,0.8-12.8-0.7-19.9c-2.3,0.1-4.5,0.4-6.5,0.6 c-0.3-1-0.6-2.1-0.9-3.1c4.9-0.5,14-1.2,22.9-0.9c1.9,0.1,3.6,0.2,5.3,0.3c-0.7-3.7-1.4-6.5-1.7-8.1c1.2,0,2.3,0.1,3.2,0.2 c0.4,1.9,1.1,4.7,1.7,8.2C290.9,114.3,294.6,115.1,297.6,116.1z"
          />
          <path
            className="st12"
            d="M304.1,131.4c1.1-1.9,1.4-3.7,0.9-5.4c-0.6-2.4-2.5-4.2-5.2-5.6c0.8-1.8,0.8-3.1,0.8-3.1 c1.8,0.9,3.3,1.9,4.5,3.1C307.5,126,304.5,130.8,304.1,131.4z"
          />
          <path
            className="st12"
            d="M289.7,143.3l-3.2,1.7c0.1-3.3,0.1-6.8-0.2-10.3l3-2C289.6,136.2,289.8,139.8,289.7,143.3z"
          />
          <path
            className="st12"
            d="M265.9,140.1c-0.1,0.7-0.2,1.3-0.3,1.8l-3.2,0c0.1-0.6,0.2-1.3,0.3-2.2L265.9,140.1z"
          />
          <path
            className="st12"
            d="M286.3,134.7c-2.5,1.6-5,2.8-7.5,3.7L286.3,134.7z"
          />
          <path
            className="st13"
            d="M292.5,152.2c-2.2-1.2-4.6-2.3-7.1-3.2c0,0-0.1,0-0.1,0c1.7-0.8,4.2-2.1,4.2-2.1c0,0.1,0,0.3,0,0.4 c1.2,0.5,2.3,1,3.4,1.6C292.9,149.4,292.5,152.2,292.5,152.2z"
          />
          <path
            className="st13"
            d="M281.8,174.7c-1.9,0.2-3.4,0.2-3.4,0.2s0,0,0,0l-9.8-18.9c1.2-0.4,2.9-1.1,2.9-1.1L281.8,174.7z"
          />
          <path
            className="st13"
            d="M281.2,147.6c-4.8-1.4-9.9-2.4-14.8-2.6l3.7,7.2l-3,1.1l-4.3-8.2c-0.4,0-1.2,0-2,0c0-1,0-2,0-3 c0.7,0,1.3-0.1,1.6-0.1l3.2,0c6.6,0.1,13.4,1.6,19.5,3.8L281.2,147.6z"
          />
          <path
            className="st13"
            d="M301.8,154.8c-0.4,1.7-0.8,3.5-0.8,3.5c-1.5-1.5-3.3-2.9-5.5-4.3c0.3-1.8,0.4-3.4,0.4-3.4 C298.1,151.9,300.1,153.3,301.8,154.8z"
          />
          <path
            className="st13"
            d="M305.1,164.1c-1.6,5-5.2,6.9-5.5,7.1c1.8-1.3,3.6-3.4,4.3-6.9c0.2-0.8-0.1-1.8-0.6-2.9c0.6-1.9,1-4,1-4 s0,0,0,0C304.6,157.7,306.1,160.3,305.1,164.1z"
          />
          <path
            className="st13"
            d="M264.6,63.5c0.1-0.1,0.1-0.2,0.1-0.3c-0.8-0.6-1.8-1.1-2.7-1.4c0.2-1.1,0.2-2.2,0.1-3.2 c0.8,0.2,1.6,0.5,2.4,0.8c0,0,0,0,0,0c0.3,0.1,0.5,0.3,0.7,0.3c0.1,0,0.1,0.1,0.1,0.1c0.1,0,0.1,0.1,0.1,0.1 S265.8,61.5,264.6,63.5z"
          />
          <path
            className="st13"
            d="M263.2,79.2c-4.6,6-15.6,13.2-16.3,13.6c0.1-0.1,0.3-0.2,0.4-0.3c15.4-11.5,19.3-18.9,19.9-23.1 c0.2-1.4,0-2.5-0.3-3.4c1.5-2.4,1.5-3.6,1.5-3.6l0.5,1.2C271.3,69.8,267.9,73,263.2,79.2z"
          />
        </g>
        <g>
          <path
            className="st9"
            d="M228.2,148.6c-1,4.1-12.8,0.1-19.5-1.7c-6.6-1.8-14.5-1.2-14.5-1.2v-10.4c0-2.1,1.6-3.8,3.6-4.1 c3.2-0.4,8.2-0.6,13.3,0.5c0,0,0.1,0,0.1,0c8.5,2,17,8.4,17,8.4C229.8,141.3,229.2,144.5,228.2,148.6z"
          />
          <path
            className="st14"
            d="M207.8,142.5c-3.5-1-10.4-0.5-13.5-0.2v-7.1c0-2.1,1.6-3.8,3.6-4.1c3.2-0.4,8.2-0.6,13.3,0.5 c0,0,0.1,0,0.1,0C211.3,136,211.1,143.5,207.8,142.5z"
          />
        </g>
      </g>
    </g>
    <g>
      <path
        className="st15"
        d="M155.1,70.4c-0.4,16.5-4.3,35.8-14.7,55.8c-9.9,19-21.6,32.5-33,42h0c-5.9,4.9-11.8,8.7-17.3,11.6h0 c-13.3,7.1-24.3,8.9-28.9,8.5c-4.8-0.4-13.2-10.9-17.1-28.8c-0.2-1.1-0.5-2.3-0.7-3.5c-1.1-6.6-1.7-14-1.3-22.2 c0.8-16.2,5.3-35.3,16-56.6c10-19.9,21.7-32.9,33.1-41.3c8.5-6.3,16.9-10,24.4-12.1c10.3-2.9,18.8-2.9,23.5-2.4 c2.3,0.2,3.7,0.5,3.9,0.6c2.3,1.1,6,7.5,8.7,17.8C153.8,47.9,155.4,58.4,155.1,70.4z"
      />
      <g>
        <g>
          <path
            className="st16"
            d="M143,22.2c0,0,0.1,0.7,0.4,2"
          />
          <path
            className="st17"
            d="M144,28.1c0.2,1.6,0.5,3.4,0.7,5.5c0.6,6.2,1.2,14.7,0.8,24.6c-1.1,30.7-10.5,74.9-49.7,108.2h0 c-5,4.3-10.6,8.4-16.7,12.2c-4.5,2.8-9.2,5.6-14.3,8.1"
          />
          <path
            className="st16"
            d="M63,187.7c-0.6,0.3-1.2,0.6-1.8,0.9"
          />
        </g>
      </g>
      <path
        className="st18"
        d="M118.9,77.6c-0.3,11.9-2.6,25.8-9,40.2c-6.1,13.7-13.2,23.4-20.2,30.2h0c-3.6,3.5-7.2,6.3-10.6,8.4h0 c-8.1,5.1-14.9,6.4-17.7,6.2c-2.9-0.3-8.1-7.9-10.5-20.8c-1-5.3-1.5-11.5-1.2-18.5c0.5-11.7,3.2-25.5,9.8-40.8 c6.1-14.4,13.3-23.7,20.3-29.7c5.2-4.5,10.4-7.2,14.9-8.7c9.4-3.2,16.3-1.6,16.8-1.3c1.4,0.8,3.7,5.4,5.3,12.8 C118.1,61.4,119.1,68.9,118.9,77.6z"
      />
      <path
        className="st19"
        d="M145.5,58.1c-19.6-20.7-43.3-22.6-54.3-22.1c8.5-6.3,16.9-10,24.4-12.1c13,0.5,22.4,4.7,29.1,9.6 C145.3,39.7,145.8,48.2,145.5,58.1z"
      />
      <path
        className="st19"
        d="M95.7,166.2c-5,4.3-10.6,8.4-16.7,12.2c-11.4-2.2-24.5-7.4-35-18.9c-0.1-0.4-0.2-0.7-0.2-1.1 c-0.1-0.3-0.1-0.7-0.2-1c-0.1-0.5-0.2-0.9-0.2-1.4c-0.1-0.6-0.2-1.3-0.3-1.9c0,0,0,0,0-0.1c-0.2-1.3-0.4-2.6-0.5-4 c0-0.3-0.1-0.7-0.1-1c0-0.3-0.1-0.7-0.1-1c0-0.3-0.1-0.6-0.1-1c0-0.3,0-0.6-0.1-1c0-0.5-0.1-1-0.1-1.5c0-0.4,0-0.8-0.1-1.2 c0-0.7-0.1-1.4-0.1-2.2c0-0.7,0-1.3,0-2c0-1.8,0-3.6,0.1-5.4C49.9,144.4,66,159.8,95.7,166.2z"
      />
      <g>
        <g>
          <path
            className="st16"
            d="M61.2,188.4c0,0-0.2-0.6-0.6-1.9"
          />
          <path
            className="st20"
            d="M59.7,182.6c-2.5-13.1-5.2-47.7,18.8-98.6c22.5-47.6,47.3-59.1,56.6-61.8"
          />
          <path
            className="st16"
            d="M137.1,21.7c1.3-0.3,2-0.3,2-0.3"
          />
        </g>
      </g>
      <path
        className="st21"
        d="M155.1,70.6c-0.4,16.5-4.3,35.8-14.7,55.8c-9.9,19-21.6,32.5-33,42h0c-5.9,4.9-11.8,8.7-17.3,11.6h0 c-13.3,7.1-24.3,8.9-28.9,8.5c-4.8-0.4-13.2-10.9-17.1-28.8c-0.2-1.1-0.5-2.3-0.7-3.5c39.4,20,77.9-14.7,90.5-53.7 c13.9-42.9,5.2-80.9,5.2-80.9c2.3,0.2,3.7,0.5,3.9,0.6c2.3,1.1,6,7.5,8.7,17.8C153.8,48.1,155.4,58.6,155.1,70.6z"
      />
      <g>
        <path
          className="st22"
          d="M101.8,46.7c0,0-31.1,22.3-40.8,89.2C60.9,135.9,78.9,75.8,101.8,46.7z"
        />
        <path
          className="st3"
          d="M97.3,57.6c-0.3-0.4-0.7-0.8-1.1-1.1c-0.7-0.7-1.6-1.2-2.5-1.5c-1.9-0.7-4-0.8-5.7,0.3 c-0.8,0.5-0.1,1.8,0.8,1.4c1.7-0.7,3.4-0.6,5,0.3c0.7,0.4,1.3,0.8,1.9,1.4c0.3,0.3,0.6,0.5,0.8,0.8c0.3,0.3,0.7,0.8,1.2,0.8 c0.3,0,0.6-0.2,0.6-0.5C98.4,58.7,97.7,58,97.3,57.6z"
        />
        <path
          className="st3"
          d="M92.5,62.9c-0.8-0.6-1.7-1-2.7-1.3c-1.7-0.6-3.9-0.9-5.7-0.2c-0.6,0.2-0.5,1.2,0.2,1.2 c0.9-0.1,1.8-0.2,2.7-0.1c0.9,0.1,1.7,0.3,2.6,0.6c0.7,0.3,1.4,0.6,2.1,1.1c0.3,0.2,0.7,0.5,1,0.8c0.3,0.2,0.6,0.5,1,0.6 c0.2,0,0.5-0.1,0.5-0.4C94.2,64,93.2,63.3,92.5,62.9z"
        />
        <path
          className="st3"
          d="M88.9,70.1c-0.2-0.2-0.5-0.4-0.7-0.6c-1-0.8-2.2-1.3-3.5-1.6c-1.5-0.4-3.1-0.5-4.6-0.1 c-0.2,0.1-0.4,0.4-0.3,0.6c0,0.1,0.4,0.6,0.5,0.5c0,0,0.6,0,0.7,0c0.2,0,0.5,0,0.7,0c0.3,0,0.7,0,1,0.1c0.6,0.1,1.3,0.2,1.9,0.4 c1.2,0.4,2.4,1,3.3,1.9c0.2,0.2,0.4,0.4,0.7,0.6c0.4,0.2,0.9,0,1-0.4C89.7,70.8,89.2,70.4,88.9,70.1z"
        />
        <path
          className="st3"
          d="M85.8,78.3c-0.1-0.1-0.2-0.2-0.2-0.3c-0.1-0.1-0.3-0.3-0.4-0.4c-0.3-0.3-0.7-0.6-1-0.8 c-0.7-0.5-1.6-0.9-2.4-1.2c-1.8-0.7-3.8-0.8-5.7-0.2c-0.5,0.2-0.4,1,0.1,1c1.7-0.2,3.5-0.1,5.2,0.5c0.8,0.3,1.5,0.7,2.2,1.2 c0.3,0.3,0.7,0.5,1,0.9c0.3,0.3,0.6,0.7,1,0.7c0.3,0,0.5-0.2,0.6-0.5C86.1,78.8,85.9,78.4,85.8,78.3z"
        />
        <path
          className="st3"
          d="M79.6,86c-0.9-0.4-1.8-0.7-2.7-1.1c-0.9-0.3-1.7-0.6-2.6-0.9c-0.9-0.3-1.9-0.6-2.9-0.7 c-0.5,0-0.6,0.7-0.2,0.9c0.9,0.5,1.9,0.8,2.9,1.1c0.9,0.3,1.8,0.6,2.6,0.9c0.9,0.3,1.7,0.7,2.6,1c0.6,0.2,1.8,1,2.2,0.3 C82.2,86.8,80.2,86.2,79.6,86z"
        />
        <path
          className="st3"
          d="M77.3,96.2c-0.4-0.2-0.9-0.3-1.3-0.4c-0.4-0.1-0.7-0.2-1.1-0.3c-0.7-0.2-1.3-0.5-2-0.8 c-1.4-0.6-2.7-1.4-4.1-2c-0.5-0.2-1,0.5-0.6,0.9c1.2,1.1,2.8,1.9,4.3,2.5c0.7,0.3,1.4,0.6,2.1,0.8c0.4,0.1,0.8,0.2,1.2,0.4 c0.4,0.1,0.8,0.2,1.2,0.2C77.6,97.4,77.9,96.5,77.3,96.2z"
        />
        <path
          className="st3"
          d="M73.7,106.2c-0.7-0.3-1.6-0.4-2.4-0.5c-0.7-0.2-1.4-0.3-2-0.6c-1.5-0.5-3-1.1-4.4-1.7 c-0.5-0.2-0.8,0.5-0.4,0.8c1.3,0.9,2.8,1.6,4.3,2.1c0.7,0.2,1.4,0.4,2.1,0.6c0.7,0.2,1.6,0.5,2.4,0.4c0.3,0,0.6-0.2,0.7-0.5 C74.1,106.7,74,106.3,73.7,106.2z"
        />
        <path
          className="st3"
          d="M70.5,115.7c-0.3-0.4-1-0.4-1.4-0.6c-0.3-0.1-0.6-0.2-0.9-0.2c-0.6-0.2-1.2-0.4-1.7-0.6 c-0.6-0.2-1.1-0.4-1.7-0.7c-0.3-0.1-0.5-0.3-0.8-0.4c-0.2-0.1-0.4-0.2-0.7-0.3c-0.2-0.1-0.3-0.1-0.5-0.1 c-0.4-0.1-0.8,0.4-0.5,0.7c0.5,0.7,1.2,1,2,1.4c0.6,0.3,1.3,0.6,1.9,0.8c0.6,0.2,1.3,0.4,1.9,0.6c0.6,0.2,1.6,0.6,2.2,0.2 C70.7,116.5,70.7,116,70.5,115.7z"
        />
        <path
          className="st3"
          d="M67.7,124.3c-0.4-0.2-0.8-0.2-1.2-0.3c-0.3-0.1-0.7-0.1-1-0.2c-0.6-0.2-1.2-0.3-1.8-0.5 c-0.8-0.2-1.5-0.5-2.3-0.8c-0.4-0.1-0.9-0.5-1.3-0.1c-0.2,0.1-0.2,0.3-0.2,0.5c0,0.1,0.3,0.5,0.4,0.4c0,0,0.9,0.5,1,0.6 c0.3,0.1,0.6,0.2,0.9,0.4c0.6,0.2,1.1,0.4,1.7,0.6c0.6,0.2,1.2,0.3,1.7,0.5c0.6,0.1,1.2,0.4,1.8,0.3 C68.1,125.5,68.3,124.6,67.7,124.3z"
        />
      </g>
    </g>
  </g>
</svg>
`;
