// Jest Snapshot v1, https://goo.gl/fbAQLP

exports[`should render site description with title and description 1`] = `
<div>
  <h2
    className="mb-4 font-normal text-[2.4375rem] md:text-[2.85rem]"
  >
    Tool to easy your life at 
    <span
      className="text-[#f26506]"
    >
      sleeper
    </span>
     
    fantasy platform
  </h2>
  <p
    className="text-xl md:text-[1.4rem] font-['Open_Sans,sans-serif']"
  >
    Insert your username to check all players with non ok injury status
  </p>
</div>
`;
